[concepto.de/pagina-web/index.html]
[backblue.gif]
[fade.gif]
[index.html]
[cdn.tynt.com/ti.js]
[concepto.de/wp-includes/css/dist/block-library/style.min.css]
[concepto.de/wp-content/cache/autoptimize/css/autoptimize_single_0e4a098f3f6e3faede64db8b9da80ba2.css]
[concepto.de/wp-content/cache/autoptimize/css/autoptimize_single_3857f0ec0abe421b272f062b81b830c0.css]
[concepto.de/wp-content/themes/concepto_v5/js/essential.js]
[cdnjs.cloudflare.com/ajax/libs/fslightbox/3.3.1/index.min.js]
[concepto.de/wp-content/uploads/2021/pizarra2.jpg]
[concepto.de/wp-content/themes/concepto_v5/favicon/apple-icon-57x57.png]
[concepto.de/wp-content/themes/concepto_v5/favicon/apple-icon-60x60.png]
[concepto.de/wp-content/themes/concepto_v5/favicon/apple-icon-72x72.png]
[concepto.de/wp-content/themes/concepto_v5/favicon/apple-icon-76x76.png]
[concepto.de/wp-content/themes/concepto_v5/favicon/apple-icon-114x114.png]
[concepto.de/wp-content/themes/concepto_v5/favicon/apple-icon-120x120.png]
[concepto.de/wp-content/themes/concepto_v5/favicon/apple-icon-144x144.png]
[concepto.de/wp-content/themes/concepto_v5/favicon/apple-icon-152x152.png]
[concepto.de/wp-content/themes/concepto_v5/favicon/apple-icon-180x180.png]
[concepto.de/wp-content/themes/concepto_v5/favicon/android-icon-192x192.png]
[concepto.de/wp-content/themes/concepto_v5/favicon/favicon-32x32.png]
[concepto.de/wp-content/themes/concepto_v5/favicon/favicon-96x96.png]
[concepto.de/wp-content/themes/concepto_v5/favicon/favicon-16x16.png]
[www.google-analytics.com/analytics.js]
[a.teads.tv/analytics/tag.js]
[concepto.de/wp-content/uploads/2018/09/pagina-web1-e1537371844166.jpg]
[concepto.de/wp-content/uploads/2018/09/pagina-web2-e1537371968932.jpg]
[concepto.de/wp-content/uploads/2018/09/navegador-web2-e1537372293491.jpg]
[concepto.de/cdn-cgi/scripts/5c5dd728/cloudflare-static/email-decode.min.js]
[concepto.de/wp-content/plugins/autoptimize/classes/external/js/lazysizes.min.js]
[concepto.de/wp-content/plugins/contact-form-7/includes/swv/js/index.js]
[concepto.de/wp-content/plugins/contact-form-7/includes/js/index.js]
[concepto.de/wp-content/themes/concepto_v5/js/navigation.js]
[concepto.de/wp-content/themes/concepto_v5/js/post-scripts.js]
[concepto.de/wp-content/themes/concepto_v5/js/svg-inline.js]
[concepto.de/wp-content/themes/concepto_v5/js/ads-init.js]
[concepto.de/wp-content/themes/concepto_v5/js/popup-init.js]
[concepto.de/wp-content/themes/concepto_v5/js/read-speaker-init.js]
[concepto.de/pagina-web/index.html]
[concepto.de/wp-includes/css/dist/block-library/style.min.css]
[concepto.de/wp-content/cache/autoptimize/css/autoptimize_single_0e4a098f3f6e3faede64db8b9da80ba2.css]
[concepto.de/wp-content/cache/autoptimize/css/autoptimize_single_3857f0ec0abe421b272f062b81b830c0.css]
